Emmas-MacBook-Pro:~ emmacrothers$ mysql -u root -p -h todolistdb.ckmtw8xqtfon.eu-west-2.rds.amazonaws.com
Enter password: 
Welcome to the MySQL monitor.  Commands end with ; or \g.
Your MySQL connection id is 16
Server version: 5.6.40-log Source distribution

Copyright (c) 2000, 2018, Oracle and/or its affiliates. All rights reserved.

Oracle is a registered trademark of Oracle Corporation and/or its
affiliates. Other names may be trademarks of their respective
owners.

Type 'help;' or '\h' for help. Type '\c' to clear the current input statement.

mysql> show databases;
+--------------------+
| Database           |
+--------------------+
| information_schema |
| innodb             |
| mysql              |
| performance_schema |
| sys                |
+--------------------+
5 rows in set (0.02 sec)

mysql> create database todolist;
Query OK, 1 row affected (0.02 sec)

mysql> show databases;
+--------------------+
| Database           |
+--------------------+
| information_schema |
| innodb             |
| mysql              |
| performance_schema |
| sys                |
| todolist           |
+--------------------+
6 rows in set (0.01 sec)

mysql> use todolist;
Database changed
mysql> CREATE TABLE Product (
    -> ProductId int NOT NULL AUTO_INCREMENT,
    -> Description varchar(255) NOT NULL,
    -> Price DECIMAL (5,2), 
    -> PRIMARY KEY (ProductID)
    -> );
Query OK, 0 rows affected (0.02 sec)

mysql> show tables;
+--------------------+
| Tables_in_todolist |
+--------------------+
| Product            |
+--------------------+
1 row in set (0.01 sec)

mysql> SELECT * FROM Product;
Empty set (0.01 sec)

mysql> INSERT INTO  Product (Description, Price) VALUES ("Fantastic Mr Fox book", 3.95);
Query OK, 1 row affected (0.02 sec)

mysql> SELECT * FROM Product;
+-----------+-----------------------+-------+
| ProductId | Description           | Price |
+-----------+-----------------------+-------+
|         1 | Fantastic Mr Fox book |  3.95 |
+-----------+-----------------------+-------+
1 row in set (0.02 sec)

mysql> INSERT INTO Product (Description, Price) VALUES ("Witches book", 4.95);
Query OK, 1 row affected (0.01 sec)

mysql> SELECT * FROM Product;
+-----------+-----------------------+-------+
| ProductId | Description           | Price |
+-----------+-----------------------+-------+
|         1 | Fantastic Mr Fox book |  3.95 |
|         2 | Witches book          |  4.95 |
+-----------+-----------------------+-------+
2 rows in set (0.01 sec)

mysql> CREATE TABLE Tasks (
    ->  userId int NOT NULL AUTO_INCREMENT,
    ->     username varchar(255) NOT NULL,
    ->     PRIMARY KEY (userId)
    -> );
Query OK, 0 rows affected (0.02 sec)

mysql> show tables;
+--------------------+
| Tables_in_todolist |
+--------------------+
| Product            |
| Tasks              |
+--------------------+
2 rows in set (0.01 sec)

mysql> RENAME TABLE Tasks to User;
Query OK, 0 rows affected (0.01 sec)

mysql> show tables;
+--------------------+
| Tables_in_todolist |
+--------------------+
| Product            |
| User               |
+--------------------+
2 rows in set (0.02 sec)

mysql> INSERT INTO User (userId,username) VALUES (2,"geoff@bbc.co.uk");
Query OK, 1 row affected (0.02 sec)

mysql> show tables;
+--------------------+
| Tables_in_todolist |
+--------------------+
| Product            |
| User               |
+--------------------+
2 rows in set (0.02 sec)

mysql> SHOW CREATE TABLE User;
+-------+----------------------------------------------------------------------------------------------------------------------------------------------------------------------------------------+
| Table | Create Table                                                                                                                                                                           |
+-------+----------------------------------------------------------------------------------------------------------------------------------------------------------------------------------------+
| User  | CREATE TABLE `User` (
  `userId` int(11) NOT NULL AUTO_INCREMENT,
  `username` varchar(255) NOT NULL,
  PRIMARY KEY (`userId`)
) ENGINE=InnoDB AUTO_INCREMENT=3 DEFAULT CHARSET=latin1 |
+-------+----------------------------------------------------------------------------------------------------------------------------------------------------------------------------------------+
1 row in set (0.02 sec)

mysql> SELECT * FROM User;
+--------+-----------------+
| userId | username        |
+--------+-----------------+
|      1 | susan@bbc.co.uk |
|      2 | geoff@bbc.co.uk |
+--------+-----------------+
2 rows in set (0.02 sec)

mysql> CREATE TABLE Tasks (
    -> taskId int NOT NULL AUTO_INCREMENT,
    -> description varchar(255) NOT NULL,
    -> completed BOOLEAN,
    -> userId int,
    -> PRIMARY KEY (taskId),
    -> FOREIGN KEY (userId) REFERENCES User (userId)
    -> );
Query OK, 0 rows affected (0.03 sec)

mysql> SELECT * FROM Tasks;
Empty set (0.01 sec)

mysql> INSERT INTO Tasks (username, taskId, description, completed) VALUES ("geoff@bbc.co.uk",1,"Learn Javascript",0);
ERROR 1054 (42S22): Unknown column 'username' in 'field list'
mysql> INSERT INTO Tasks (userId, taskId, description, completed) VALUES (2,1,â€Learn Javascript",0);
    "> ";
ERROR 1064 (42000): You have an error in your SQL syntax; check the manual that corresponds to your MySQL server version for the right syntax to use near 'Javascript",0);
"' at line 1
mysql> INSERT INTO Tasks (userId, taskId) VALUES (2,1);
Query OK, 1 row affected, 1 warning (0.02 sec)

mysql> SELECT * FROM Tasks;
+--------+-------------+-----------+--------+
| taskId | description | completed | userId |
+--------+-------------+-----------+--------+
|      1 |             |      NULL |      2 |
+--------+-------------+-----------+--------+
1 row in set (0.01 sec)

mysql> INSERT INTO Tasks (taskId, Description, completed, userId) VALUES (1,"Learn JavaScript",0,2);
ERROR 1062 (23000): Duplicate entry '1' for key 'PRIMARY'
mysql> DELETE FROM Tasks;
Query OK, 1 row affected (0.01 sec)

mysql> SELECT * FROM Tasks;
Empty set (0.02 sec)

mysql>  INSERT INTO Tasks (taskId, Description, completed, userId) VALUES (1,"Learn JavaScript",0,2);
Query OK, 1 row affected (0.02 sec)

mysql> SELECT * FROM Tasks;
+--------+------------------+-----------+--------+
| taskId | description      | completed | userId |
+--------+------------------+-----------+--------+
|      1 | Learn JavaScript |         0 |      2 |
+--------+------------------+-----------+--------+
1 row in set (0.01 sec)

mysql> INSERT INTO Tasks (taskId, description, completed, userId) VALUES (2, "Learn MySQL" ,0 ,2);
Query OK, 1 row affected (0.01 sec)

mysql> SELECT * FROM Tasks;
+--------+------------------+-----------+--------+
| taskId | description      | completed | userId |
+--------+------------------+-----------+--------+
|      1 | Learn JavaScript |         0 |      2 |
|      2 | Learn MySQL      |         0 |      2 |
+--------+------------------+-----------+--------+
2 rows in set (0.02 sec)

mysql> INSERT INTO Tasks (taskId, description, completed, userId) VALUES (3, "Learn NodeJS" ,0, 1);
Query OK, 1 row affected (0.02 sec)

mysql> SELECT * FROM Tasks;
+--------+------------------+-----------+--------+
| taskId | description      | completed | userId |
+--------+------------------+-----------+--------+
|      1 | Learn JavaScript |         0 |      2 |
|      2 | Learn MySQL      |         0 |      2 |
|      3 | Learn NodeJS     |         0 |      1 |
+--------+------------------+-----------+--------+
3 rows in set (0.02 sec)


mysql> SELECT * FROM User  WHERE Username ="geoff@bbc.co.uk";
+--------+-----------------+
| userId | username        |
+--------+-----------------+
|      2 | geoff@bbc.co.uk |
+--------+-----------------+
1 row in set (0.01 sec)

mysql> SELECT * FROM Tasks WHERE userId=2;
+--------+------------------+-----------+--------+
| taskId | description      | completed | userId |
+--------+------------------+-----------+--------+
|      1 | Learn JavaScript |         0 |      2 |
|      2 | Learn MySQL      |         0 |      2 |
+--------+------------------+-----------+--------+
2 rows in set (0.02 sec)

mysql> SELECT * FROM Tasks WHERE userId=1;
+--------+--------------+-----------+--------+
| taskId | description  | completed | userId |
+--------+--------------+-----------+--------+
|      3 | Learn NodeJS |         0 |      1 |
+--------+--------------+-----------+--------+
1 row in set (0.01 sec)

mysql> UPDATE Tasks SET completed=1 WHERE description = "Learn JavaScript";
Query OK, 1 row affected (0.02 sec)
Rows matched: 1  Changed: 1  Warnings: 0

mysql> SELECT * FROM Tasks;
+--------+------------------+-----------+--------+
| taskId | description      | completed | userId |
+--------+------------------+-----------+--------+
|      1 | Learn JavaScript |         1 |      2 |
|      2 | Learn MySQL      |         0 |      2 |
|      3 | Learn NodeJS     |         0 |      1 |
+--------+------------------+-----------+--------+
3 rows in set (0.01 sec)

mysql> SELECT * FROM Tasks WHERE completed=0 && userId=2;
+--------+-------------+-----------+--------+
| taskId | description | completed | userId |
+--------+-------------+-----------+--------+
|      2 | Learn MySQL |         0 |      2 |
+--------+-------------+-----------+--------+
1 row in set (0.02 sec)

mysql> QUIT
Bye
Emmas-MacBook-Pro:~ emmacrothers$ 
  [Restored 31 Jan 2019 at 18:59:42]
Last login: Thu Jan 31 18:59:42 on ttys000
Restored session: Thu 31 Jan 2019 17:47:41 GMT
Emmas-MacBook-Pro:~ emmacrothers$ 
